Enter password: ****
Welcome to the MySQL monitor.  Commands end with ; or \g.
Your MySQL connection id is 3
Server version: 5.1.33-community MySQL Community Server (GPL)

Type 'help;' or '\h' for help. Type '\c' to clear the buffer.

mysql> sho database;
ERROR 1064 (42000): You have an error in your SQL syntax; check the manual that corresponds to your MySQL server version for the right syntax to use near 'sho database' at line 1
mysql> show database;
ERROR 1064 (42000): You have an error in your SQL syntax; check the manual that corresponds to your MySQL server version for the right syntax to use near 'database' at line 1
mysql> show databases;
+--------------------+
| Database           |
+--------------------+
| information_schema |
| anish              |
| divyam             |
| mysql              |
| rashi              |
| test               |
| yash               |
+--------------------+
7 rows in set (0.00 sec)

mysql> use yash;
Database changed
mysql> create table College;
ERROR 1113 (42000): A table must have at least 1 column
mysql> create table College(cName varchar(10),state varchar(10),enrollment int);
Query OK, 0 rows affected (0.04 sec)

mysql> create table Student (sID: int, sName varchar(10), GPA decimal(2,1), sizeHS int);
ERROR 1064 (42000): You have an error in your SQL syntax; check the manual that corresponds to your MySQL server version for the right syntax to use near ': int, sName varchar(10), GPA decimal(2,1), sizeHS int)' at line 1
mysql> create table Student (sID int, sName varchar(10), GPA decimal(2,1), sizeHS int);
Query OK, 0 rows affected (0.04 sec)

mysql> create table Apply (sID int, cName varchar(10), major varchar(20));
Query OK, 0 rows affected (0.06 sec)

mysql> alter table Student add primary key (cName);
ERROR 1072 (42000): Key column 'cName' doesn't exist in table
mysql> alter table College add primary key (cName);
Query OK, 0 rows affected (0.16 sec)
Records: 0  Duplicates: 0  Warnings: 0

mysql> alter table Student add primary key (sID);
Query OK, 0 rows affected (0.09 sec)
Records: 0  Duplicates: 0  Warnings: 0

mysql> alter table Apply add primary key (sID,cName,major);
Query OK, 0 rows affected (0.07 sec)
Records: 0  Duplicates: 0  Warnings: 0

mysql>     FOREIGN KEY (PersonID) REFERENCES Persons(PersonID)
    -> ;
ERROR 1064 (42000): You have an error in your SQL syntax; check the manual that corresponds to your MySQL server version for the right syntax to use near 'FOREIGN KEY (PersonID) REFERENCES Persons(PersonID)' at line 1
mysql> FOREIGN KEY (sID) REFERENCES student(cName);
ERROR 1064 (42000): You have an error in your SQL syntax; check the manual that corresponds to your MySQL server version for the right syntax to use near 'FOREIGN KEY (sID) REFERENCES student(cName)' at line 1
mysql> alter table applyy add FOREIGN KEY (sID) REFERENCES student(cName);
ERROR 1146 (42S02): Table 'yash.applyy' doesn't exist
mysql> alter table apply add FOREIGN KEY (sID) REFERENCES student(cName);
ERROR 1005 (HY000): Can't create table 'yash.#sql-2b3c_3' (errno: 150)
mysql> alter table apply add FOREIGN KEY (sID) REFERENCES student (sID);
Query OK, 0 rows affected (0.09 sec)
Records: 0  Duplicates: 0  Warnings: 0

mysql> alter table apply add FOREIGN KEY (sID) REFERENCES college ( cName );
ERROR 1005 (HY000): Can't create table 'yash.#sql-2b3c_3' (errno: 150)
mysql> alter table apply add FOREIGN KEY (cName) REFERENCES college ( cName );
Query OK, 0 rows affected (1.28 sec)
Records: 0  Duplicates: 0  Warnings: 0

mysql>
